// Jest Snapshot v1, https://goo.gl/fbAQLP

exports[`SearchFiltersContainerComponent matches snapshot 1`] = `
<div>
  <MultiSelectFilterContainer
    multiSelectFilterList={
      Array [
        Object {
          "content": <LanguageFilter
            item={
                  Object {
                        "item": Object {},
                      }
            }
            queryParamUpdate={[Function]}
            selectedAccordion={
                  Object {
                        "main": "",
                        "sub": "",
                      }
            }
            setAccordion={[Function]}
      />,
          "expanded": false,
          "id": "accordion-undefined",
          "title": undefined,
        },
      ]
    }
    setAccordion={[Function]}
  />
  <div
    className="boolean-filter-container"
  >
    <BooleanFilterContainer
      filters={Array []}
      onBooleanFilterClick={[Function]}
    />
  </div>
</div>
`;
