// Jest Snapshot v1, https://goo.gl/fbAQLP

exports[`CurrentUserComponent matches snapshot 1`] = `
<div
  className="usa-grid-full current-user"
>
  <CurrentUserGeneralInformation
    showEditLink={true}
    useGroup={false}
    userProfile={
      Object {
        "is_cdo": true,
        "skill_code": "INFORMATION MANAGEMENT (2880)",
        "user": Object {
          "email": "doej@state.gov",
          "first_name": "John",
          "last_name": "Doe",
        },
      }
    }
  />
  <CurrentUserContactInformation
    showEditLink={true}
    userProfile={
      Object {
        "is_cdo": true,
        "skill_code": "INFORMATION MANAGEMENT (2880)",
        "user": Object {
          "email": "doej@state.gov",
          "first_name": "John",
          "last_name": "Doe",
        },
      }
    }
  />
</div>
`;
