// Jest Snapshot v1, https://goo.gl/fbAQLP

exports[`BidListComponent matches snapshot when editor is shown 1`] = `
<div
  className="usa-grid-full"
>
  Bid list
</div>
`;
