// Jest Snapshot v1, https://goo.gl/fbAQLP

exports[`BidListResultsListComponent matches snapshot 1`] = `
<div
  className="usa-grid-full"
>
  <BidListResultsCard
    bid={
      Object {
        "id": 1,
      }
    }
    condensedView={false}
    submitBid={[Function]}
    toggleBidPosition={[Function]}
  />
</div>
`;
