// Jest Snapshot v1, https://goo.gl/fbAQLP

exports[`ViewDetailsButtonComponent matches snapshot 1`] = `
<LinkButton
  className="white-button"
  toLink="/details/1"
>
  <span
    className="white-button-icon"
  >
    <FontAwesome
      name="plus-circle"
    />
  </span>
  View details
</LinkButton>
`;
