// Jest Snapshot v1, https://goo.gl/fbAQLP

exports[`AccordionItemComponent matches snapshot 1`] = `
<li>
  <button
    aria-controls=""
    aria-expanded={true}
    className="usa-accordion-button"
    onClick={[Function]}
  />
  <div
    aria-hidden={false}
    className="usa-accordion-content accordion-accordion"
    id=""
  >
    <span>
      child
    </span>
  </div>
</li>
`;
