// Jest Snapshot v1, https://goo.gl/fbAQLP

exports[`RenderSuggestionPostComponent matches snapshot 1`] = `
<div
  className="render-suggestion render-suggestion--post"
>
  test
</div>
`;
