// Jest Snapshot v1, https://goo.gl/fbAQLP

exports[`SavedSearchesListResultsCardComponent matches snapshot 1`] = `
<MediaQueryWrapper
  breakpoint="screenSmMax"
  widthType="max"
/>
`;
