// Jest Snapshot v1, https://goo.gl/fbAQLP

exports[`SavedSearchesListComponent matches snapshot 1`] = `
<div
  className="usa-grid-full positions-section positions-section-new"
>
  <SavedSearchesList
    goToSavedSearch={[Function]}
    savedSearch={
      Object {
        "id": 1,
        "name": "search",
      }
    }
  />
</div>
`;
