// Jest Snapshot v1, https://goo.gl/fbAQLP

exports[`ResultsCardDataSectionComponent matches snapshot 1`] = `
<div>
  <div
    className="usa-width-five-twelfths data-section-left-container"
  >
    <div
      className="data-section-left"
    >
      <ResultsCardDataItem
        items={
          Array [
            Object {
              "description": "Post",
              "text": "None listed",
            },
            Object {
              "description": "Bureau",
              "text": "150000",
            },
            Object {
              "description": "Post Differential",
              "text": "None listed",
            },
          ]
        }
        title="Post Information"
      />
    </div>
  </div>
  <div
    className="usa-width-five-twelfths data-section-right-container"
  >
    <div
      className="data-section-right"
    >
      <ResultsCardDataItem
        items={
          Array [
            Object {
              "description": "Skill",
              "text": "OFFICE MANAGEMENT (9017)",
            },
            Object {
              "description": "Grade",
              "text": "03",
            },
            Object {
              "description": "Description",
              "text": "There is no description for this position.",
            },
          ]
        }
        title="Position Information"
      />
    </div>
  </div>
</div>
`;
