// Jest Snapshot v1, https://goo.gl/fbAQLP

exports[`TopNavComponent matches snapshot 1`] = `
<div
  className="usa-grid-full portfolio-top-nav-container"
>
  <div
    className="usa-width-five-sixths"
  >
    <Navigation
      counts={
        Object {
          "all": 100,
          "bidding": 50,
          "inpanel": 20,
          "inpost": 30,
        }
      }
    />
  </div>
  <div
    className="usa-width-one-sixth"
  >
    <Actions />
  </div>
</div>
`;
