// Jest Snapshot v1, https://goo.gl/fbAQLP

exports[`SavedSearchesCardComponent matches snapshot 1`] = `
<div
  className="usa-grid-full saved-search-card"
>
  <div
    className="usa-grid-full"
  >
    <div
      className="usa-width-one-whole saved-search-card-name"
    >
      Name: 
      search
    </div>
  </div>
  <div
    className="usa-width-one-whole"
  >
    <button
      onClick={[Function]}
    >
      View Results
    </button>
    <button
      className="usa-button-secondary"
      onClick={[Function]}
    >
      Delete
    </button>
  </div>
</div>
`;
