// Jest Snapshot v1, https://goo.gl/fbAQLP

exports[`ResultsCondensedCardTopComponent matches snapshot 1`] = `
<div
  className="usa-grid-full condensed-card-top"
>
  <div
    className="usa-grid-full condensed-card-top-header-container"
  >
    <div
      className="usa-width-two-thirds condensed-card-top-header condensed-card-top-header-left"
    />
    <div
      className="usa-width-one-third condensed-card-top-header condensed-card-top-header-right"
    >
      Grade: 
      05
    </div>
  </div>
</div>
`;
