// Jest Snapshot v1, https://goo.gl/fbAQLP

exports[`BidListButtonComponent matches snapshot 1`] = `
<button
  className="bid-list-button"
  onClick={[Function]}
  style={
    Object {
      "pointerEvents": "inherit",
    }
  }
>
  <span
    className="button-icon"
  >
    <FontAwesome
      name="plus-circle"
    />
  </span>
  <span>
    Add to Bid List
  </span>
</button>
`;
