// Jest Snapshot v1, https://goo.gl/fbAQLP

exports[`FavoritesListResultsCardComponent matches snapshot 1`] = `
<div
  className="usa-grid-full saved-search-card favorites-card"
>
  <div
    className="usa-grid-full"
  >
    <div
      className="usa-width-one-half favorites-card-section"
    >
      <InformationDataPoint
        className=""
        content={
          <FavoriteContent
            position={
              Object {
                "bid_statistics": Array [
                  Object {
                    "at_skill": 0,
                    "bidcycle": "Demo BidCycle 2018-01-12 15:11:38.004793",
                    "id": 1,
                    "in_grade": 0,
                    "in_grade_at_skill": 0,
                    "total_bids": 3,
                  },
                ],
                "bureau": "150000",
                "create_date": "2006-09-20",
                "description": Object {
                  "content": "The quick brown fox jumped over the lazy dog.",
                  "date_created": "2018-01-12T15:09:22.952226Z",
                },
                "grade": "05",
                "id": 6,
                "is_overseas": true,
                "languages": Array [
                  Object {
                    "id": 1,
                    "language": "French (FR)",
                    "reading_proficiency": "2",
                    "representation": "French (FR) 2/2",
                    "spoken_proficiency": "2",
                  },
                  Object {
                    "id": 1,
                    "language": "German (GM)",
                    "reading_proficiency": "2",
                    "representation": "German (GM) 2/2",
                    "spoken_proficiency": "2",
                  },
                ],
                "organization": "YAOUNDE CAMEROON (YAOUNDE)",
                "position_number": "00025003",
                "post": Object {
                  "code": "LT6000000",
                  "cost_of_living_adjustment": 0,
                  "danger_pay": 0,
                  "differential_rate": 15,
                  "has_consumable_allowance": false,
                  "has_service_needs_differential": false,
                  "id": 162,
                  "location": "MASERU, LESOTHO",
                  "obc_id": 162,
                  "rest_relaxation_point": "London",
                  "tour_of_duty": "2YRR",
                },
                "skill": "OFFICE MANAGEMENT (9017)",
                "title": "Position - First",
                "update_date": "2017-06-08",
              }
            }
          />
        }
        sideBySide={false}
        title=""
        titleOnBottom={true}
      />
    </div>
    <div
      className="usa-width-one-half favorites-card-section"
    >
      <LinkButton
        className="tm-button-transparent"
        isExternal={false}
        toLink="/details/00025003"
        useDefaultClass={true}
      >
        View Position
      </LinkButton>
    </div>
  </div>
</div>
`;
