// Jest Snapshot v1, https://goo.gl/fbAQLP

exports[`PositionAdditionalDetails matches snapshot 1`] = `
<div
  className="usa-grid position-details-additional"
>
  <div
    className="usa-width-two-thirds"
  >
    <div
      className="usa-grid-full"
    >
      <div
        className="position-details-additional-body"
      >
        <span
          className="title"
        >
          About
          <span
            className="usa-grid-full editable-position-field"
          >
            <FontAwesome
              name="pencil"
              onClick={[Function]}
              onKeyUp={[Function]}
              tabIndex="0"
            />
          </span>
        </span>
        <TextEditor
          cancel={[Function]}
          initialText="test"
          onSubmitText={[Function]}
          readOnly={true}
        />
        <div
          className="usa-grid-full"
        />
        <div
          className="edit-description-alert-container"
        />
      </div>
    </div>
  </div>
  <div
    className="usa-width-one-third"
  >
    <div
      className="map-container"
    >
      <img
        alt="Map of nearby area"
        src="/assets/img/map.png"
      />
      <span
        className="map-title"
      >
        Map location here
      </span>
    </div>
  </div>
</div>
`;
